../Core/Src/main.c:185:6:setnodes	24	static
../Core/Src/main.c:306:5:main	48	static
../Core/Src/main.c:1239:6:SystemClock_Config	88	static
../Core/Src/main.c:1287:13:MX_CAN1_Init	88	static
../Core/Src/main.c:1354:13:MX_TIM11_Init	8	static
../Core/Src/main.c:1388:13:MX_USART2_UART_Init	8	static
../Core/Src/main.c:1418:13:MX_DMA_Init	16	static
../Core/Src/main.c:1429:13:MX_GPIO_Init	48	static
../Core/Src/main.c:1454:6:HAL_CAN_RxFifo0MsgPendingCallback	16	static
../Core/Src/main.c:1460:6:HAL_CAN_RxFifo1MsgPendingCallback	16	static
../Core/Src/main.c:1467:6:RxFifo0FullCallback	16	static
../Core/Src/main.c:1470:6:RxFifo1FullCallback	16	static
../Core/Src/main.c:1473:6:HAL_TIM_PeriodElapsedCallback	40	static
../Core/Src/main.c:1534:6:HAL_UART_RxCpltCallback	72	static
../Core/Src/main.c:1837:6:Error_Handler	4	static,ignoring_inline_asm
